module.exports[`compares objects 0`] = {
  "inner": {
    "a": 10,
    "b": 20
  },
  "foo": "foo"
}

module.exports[`should not store undefined value 0`] = 42

module.exports[`jest test 0`] = "jest value"

module.exports[`is 42 0`] = 42

module.exports[`should be 42 0`] = 42

module.exports[`should be 80 0`] = 80

